
    Max simulated time: 160.000000000000                
