Floating license: not using directory 
 WITH THREADS           1
