
    Max simulated time: 540.000000000000                
