Floating license: not using directory 

    Max simulated time: 3.2000000000000001E-002         
