Floating license: not using directory 

    Max simulated time: 540.00000000000000              
