Floating license: not using directory 

    Max simulated time: 1.8000000000000002E-002         
