Floating license: not using directory 

    Max simulated time: 2500.0000000000000              
