Floating license: not using directory 

    Max simulated time: 1280.0000000000000              
