Floating license: not using directory 

    Max simulated time: 160.00000000000000              
