Floating license: not using directory 

    Max simulated time: 4.0000000000000001E-002         
